[oyen.framer.website/index.html]
[backblue.gif]
[fade.gif]
[index.html]
[framerusercontent.com/images/QY5gY2sTT93QT50gnajL3124.jpg]
[framerusercontent.com/images/1vf9P8MVyOjDnaBbSxPHMKS7zs.png]
[framerusercontent.com/images/2C6b3njpYjJyVONvDvi3TKhxA.png]
[framerusercontent.com/images/67laxKuR9BDBxvVY67d7jhF4uk.png]
[framerusercontent.com/images/Pdeud60lU5fYkAwXPiXlJsj0JY.png]
[framerusercontent.com/images/kpHawiyMkfUafEjTMyFNZB6Zk.png]
[framerusercontent.com/images/MlZIKX3aG3T3fKm9OLyLZ8YqC8.png]
[framerusercontent.com/images/8Z7v1fEbj72Ga9ij36zGlWcB2Ys.png]
[framerusercontent.com/images/GPKKhg0sHpQaECwhvBManzDzWic.png]
[framerusercontent.com/images/SuJGgBR82FhlGNUWESLaAzmjeoQ.png]
[framerusercontent.com/images/WgoLc7ZAmVT6alhe5ruupADM.jpg]
[framerusercontent.com/images/VaWasVLLRq1zSb8XvmT3WMNDos.png]
[framerusercontent.com/images/7ia990WSHpY9GIcMvAHNp9UakE.png]
[framerusercontent.com/images/Gm0ducvktM9GBSckmYPjED0sKkw.png]
[framerusercontent.com/images/VBgxcVlIUXRlxwxomJZQMYGSQ0I.png]
[framerusercontent.com/images/h0gH168wC7V7nNoG8y42yPLqz7s.jpg]
[framerusercontent.com/images/Yo4BfC1lY9l9LaHAcfC5WE1euo.jpg]
[framerusercontent.com/images/T2rF2gVhtJHPrqZlGDe1GM7QMFM.jpg]
[framerusercontent.com/images/5H25rGqerTYzzaJWx7z6aoGvwE.jpg]
[framerusercontent.com/images/pkZlUwmisBUGxCKaUGwbc7Xbog.jpg]
[framerusercontent.com/images/1Z8yuIs7ESD5NMFT98mjxeVyG4c.jpg]
[framerusercontent.com/images/BZO6shXDwDw5yoIhYzHIZOdqQZI.png]
[framerusercontent.com/images/p9Pi8vqGoBZH7dTxra7kGEeKkj4.png]
[framerusercontent.com/images/L7RW50gApAtQ3Cn3FkdTwkcq2cU.png]
[framerusercontent.com/images/VITBgbdu54juixpJUTYuMYzEMk.png]
[framerusercontent.com/images/BotOuB5lzkPuy5myiFiczkpiks.jpg]
[framerusercontent.com/images/1jqcbUkl9HENl1Fq79zBWBwvhI.jpg]
[framerusercontent.com/images/xdKvRwBiKekoBqEW2pJSCSJh0.png]
[oyen.framer.website/index.html]
